
> cheggie-studios@0.1.0 build C:\cheggie-studios
> prisma generate && next build

Prisma schema loaded from prisma\schema.prisma

Γ£ö Generated Prisma Client (v6.19.2) to .\node_modules\.pnpm\@prisma+client@6.19.2_prism_5866e64396dfbc8720857a5127d0a04b\node_modules\@prisma\client in 1.88s

Start by importing your Prisma Client (See: https://pris.ly/d/importing-client)

Tip: Need your database queries to be 1000x faster? Accelerate offers you that and more: https://pris.ly/tip-2-accelerate

   Γû▓ Next.js 15.5.14
   - Environments: .env.local
   - Experiments (use with caution):
     Γ¿» reactCompiler

   Creating an optimized production build ...
node.exe :  ΓÜá Compiled with warnings in 3.3min
At C:\Users\execu\AppData\Roaming\npm\pnpm.ps1:24 char:5
+     & "node$exe"  "$basedir/../../../../../Program Files/nodejs/node_ ...
+     ~~~~~~~~~~~~~~~~~~~~~~~~~~~~~~~~~~~~~~~~~~~~~~~~~~~~~~~~~~~~~~~~~
    + CategoryInfo          : NotSpecified: ( ΓÜá Compiled with warnings in 3. 
   3min:String) [], RemoteException
    + FullyQualifiedErrorId : NativeCommandError
 

./node_modules/.pnpm/require-in-the-middle@7.5.2/node_modules/require-in-the-mi
ddle/index.js
Critical dependency: require function is used in a way in which dependencies 
cannot be statically extracted

Import trace for requested module:
./node_modules/.pnpm/require-in-the-middle@7.5.2/node_modules/require-in-the-mi
ddle/index.js
./node_modules/.pnpm/@opentelemetry+instrumentat_04f370d515cee0be955272f8261660
73/node_modules/@opentelemetry/instrumentation/build/esm/platform/node/instrume
ntation.js
./node_modules/.pnpm/@opentelemetry+instrumentat_04f370d515cee0be955272f8261660
73/node_modules/@opentelemetry/instrumentation/build/esm/platform/node/index.js
./node_modules/.pnpm/@opentelemetry+instrumentat_04f370d515cee0be955272f8261660
73/node_modules/@opentelemetry/instrumentation/build/esm/platform/index.js
./node_modules/.pnpm/@opentelemetry+instrumentat_04f370d515cee0be955272f8261660
73/node_modules/@opentelemetry/instrumentation/build/esm/index.js
./node_modules/.pnpm/@sentry+node@9.47.1/node_modules/@sentry/node/build/cjs/in
tegrations/tracing/postgresjs.js
./node_modules/.pnpm/@sentry+node@9.47.1/node_modules/@sentry/node/build/cjs/in
dex.js
./node_modules/.pnpm/@sentry+nextjs@9.47.1_@open_4d10510cfc1e682fef93c58dcbe44e
93/node_modules/@sentry/nextjs/build/cjs/index.server.js
./src/instrumentation.node.ts

./node_modules/.pnpm/@opentelemetry+instrumentat_04f370d515cee0be955272f8261660
73/node_modules/@opentelemetry/instrumentation/build/esm/platform/node/instrume
ntation.js
Critical dependency: the request of a dependency is an expression

Import trace for requested module:
./node_modules/.pnpm/@opentelemetry+instrumentat_04f370d515cee0be955272f8261660
73/node_modules/@opentelemetry/instrumentation/build/esm/platform/node/instrume
ntation.js
./node_modules/.pnpm/@opentelemetry+instrumentat_04f370d515cee0be955272f8261660
73/node_modules/@opentelemetry/instrumentation/build/esm/platform/node/index.js
./node_modules/.pnpm/@opentelemetry+instrumentat_04f370d515cee0be955272f8261660
73/node_modules/@opentelemetry/instrumentation/build/esm/platform/index.js
./node_modules/.pnpm/@opentelemetry+instrumentat_04f370d515cee0be955272f8261660
73/node_modules/@opentelemetry/instrumentation/build/esm/index.js
./node_modules/.pnpm/@sentry+node@9.47.1/node_modules/@sentry/node/build/cjs/in
tegrations/tracing/postgresjs.js
./node_modules/.pnpm/@sentry+node@9.47.1/node_modules/@sentry/node/build/cjs/in
dex.js
./node_modules/.pnpm/@sentry+nextjs@9.47.1_@open_4d10510cfc1e682fef93c58dcbe44e
93/node_modules/@sentry/nextjs/build/cjs/index.server.js
./src/app/api/support/route.ts

./node_modules/.pnpm/require-in-the-middle@7.5.2/node_modules/require-in-the-mi
ddle/index.js
Critical dependency: require function is used in a way in which dependencies 
cannot be statically extracted

Import trace for requested module:
./node_modules/.pnpm/require-in-the-middle@7.5.2/node_modules/require-in-the-mi
ddle/index.js
./node_modules/.pnpm/@opentelemetry+instrumentat_04f370d515cee0be955272f8261660
73/node_modules/@opentelemetry/instrumentation/build/esm/platform/node/instrume
ntation.js
./node_modules/.pnpm/@opentelemetry+instrumentat_04f370d515cee0be955272f8261660
73/node_modules/@opentelemetry/instrumentation/build/esm/platform/node/index.js
./node_modules/.pnpm/@opentelemetry+instrumentat_04f370d515cee0be955272f8261660
73/node_modules/@opentelemetry/instrumentation/build/esm/platform/index.js
./node_modules/.pnpm/@opentelemetry+instrumentat_04f370d515cee0be955272f8261660
73/node_modules/@opentelemetry/instrumentation/build/esm/index.js
./node_modules/.pnpm/@sentry+node@9.47.1/node_modules/@sentry/node/build/cjs/in
tegrations/tracing/postgresjs.js
./node_modules/.pnpm/@sentry+node@9.47.1/node_modules/@sentry/node/build/cjs/in
dex.js
./node_modules/.pnpm/@sentry+nextjs@9.47.1_@open_4d10510cfc1e682fef93c58dcbe44e
93/node_modules/@sentry/nextjs/build/cjs/index.server.js
./src/app/api/support/route.ts

   Skipping validation of types
   Skipping linting
   Collecting page data ...
[redis] connection error { message: '' }
[AggregateError: ] { code: 'ECONNREFUSED' }
[AggregateError: ] { code: 'ECONNREFUSED' }
[AggregateError: ] { code: 'ECONNREFUSED' }
[AggregateError: ] { code: 'ECONNREFUSED' }
[AggregateError: ] { code: 'ECONNREFUSED' }
Error: Connection is closed.
    at EventEmitter.i (C:\cheggie-studios\.next\server\chunks\3565.js:1:76041)
[redis] connection error { message: '' }
[AggregateError: ] { code: 'ECONNREFUSED' }
[AggregateError: ] { code: 'ECONNREFUSED' }
[AggregateError: ] { code: 'ECONNREFUSED' }
[AggregateError: ] { code: 'ECONNREFUSED' }
[AggregateError: ] { code: 'ECONNREFUSED' }
[redis] connection error { message: '' }
[AggregateError: ] { code: 'ECONNREFUSED' }
[AggregateError: ] { code: 'ECONNREFUSED' }
[AggregateError: ] { code: 'ECONNREFUSED' }
[AggregateError: ] { code: 'ECONNREFUSED' }
[AggregateError: ] { code: 'ECONNREFUSED' }
Error: Connection is closed.
    at EventEmitter.i (C:\cheggie-studios\.next\server\chunks\3565.js:1:76041)
[redis] connection error { message: '' }
[AggregateError: ] { code: 'ECONNREFUSED' }
[AggregateError: ] { code: 'ECONNREFUSED' }
[AggregateError: ] { code: 'ECONNREFUSED' }
[AggregateError: ] { code: 'ECONNREFUSED' }
[AggregateError: ] { code: 'ECONNREFUSED' }
[redis] connection error { message: '' }
[AggregateError: ] { code: 'ECONNREFUSED' }
[AggregateError: ] { code: 'ECONNREFUSED' }
[AggregateError: ] { code: 'ECONNREFUSED' }
[AggregateError: ] { code: 'ECONNREFUSED' }
[AggregateError: ] { code: 'ECONNREFUSED' }
[redis] connection error { message: '' }
[AggregateError: ] { code: 'ECONNREFUSED' }
[AggregateError: ] { code: 'ECONNREFUSED' }
[AggregateError: ] { code: 'ECONNREFUSED' }
[AggregateError: ] { code: 'ECONNREFUSED' }
[AggregateError: ] { code: 'ECONNREFUSED' }
[redis] connection error { message: '' }
[AggregateError: ] { code: 'ECONNREFUSED' }
[AggregateError: ] { code: 'ECONNREFUSED' }
[AggregateError: ] { code: 'ECONNREFUSED' }
[AggregateError: ] { code: 'ECONNREFUSED' }
[AggregateError: ] { code: 'ECONNREFUSED' }
[redis] connection error { message: '' }
[AggregateError: ] { code: 'ECONNREFUSED' }
[AggregateError: ] { code: 'ECONNREFUSED' }
[AggregateError: ] { code: 'ECONNREFUSED' }
[AggregateError: ] { code: 'ECONNREFUSED' }
[AggregateError: ] { code: 'ECONNREFUSED' }
[redis] connection error { message: '' }
[AggregateError: ] { code: 'ECONNREFUSED' }
[AggregateError: ] { code: 'ECONNREFUSED' }
[AggregateError: ] { code: 'ECONNREFUSED' }
[AggregateError: ] { code: 'ECONNREFUSED' }
[AggregateError: ] { code: 'ECONNREFUSED' }
[redis] connection error { message: '' }
[AggregateError: ] { code: 'ECONNREFUSED' }
[AggregateError: ] { code: 'ECONNREFUSED' }
[AggregateError: ] { code: 'ECONNREFUSED' }
[redis] connection error { message: '' }
[AggregateError: ] { code: 'ECONNREFUSED' }
[AggregateError: ] { code: 'ECONNREFUSED' }
[AggregateError: ] { code: 'ECONNREFUSED' }
[AggregateError: ] { code: 'ECONNREFUSED' }
[AggregateError: ] { code: 'ECONNREFUSED' }
[AggregateError: ] { code: 'ECONNREFUSED' }
[AggregateError: ] { code: 'ECONNREFUSED' }
[redis] connection error { message: '' }
[AggregateError: ] { code: 'ECONNREFUSED' }
[AggregateError: ] { code: 'ECONNREFUSED' }
[AggregateError: ] { code: 'ECONNREFUSED' }
[AggregateError: ] { code: 'ECONNREFUSED' }
[AggregateError: ] { code: 'ECONNREFUSED' }
[redis] connection error { message: '' }
[AggregateError: ] { code: 'ECONNREFUSED' }
[AggregateError: ] { code: 'ECONNREFUSED' }
[AggregateError: ] { code: 'ECONNREFUSED' }
[AggregateError: ] { code: 'ECONNREFUSED' }
[AggregateError: ] { code: 'ECONNREFUSED' }
[redis] connection error { message: '' }
[AggregateError: ] { code: 'ECONNREFUSED' }
[AggregateError: ] { code: 'ECONNREFUSED' }
[AggregateError: ] { code: 'ECONNREFUSED' }
[AggregateError: ] { code: 'ECONNREFUSED' }
[AggregateError: ] { code: 'ECONNREFUSED' }
[redis] connection error { message: '' }
[AggregateError: ] { code: 'ECONNREFUSED' }
[AggregateError: ] { code: 'ECONNREFUSED' }
[AggregateError: ] { code: 'ECONNREFUSED' }
[AggregateError: ] { code: 'ECONNREFUSED' }
[AggregateError: ] { code: 'ECONNREFUSED' }
[redis] connection error { message: '' }
[AggregateError: ] { code: 'ECONNREFUSED' }
[AggregateError: ] { code: 'ECONNREFUSED' }
[AggregateError: ] { code: 'ECONNREFUSED' }
[AggregateError: ] { code: 'ECONNREFUSED' }
[AggregateError: ] { code: 'ECONNREFUSED' }
[redis] connection error { message: '' }
[AggregateError: ] { code: 'ECONNREFUSED' }
[AggregateError: ] { code: 'ECONNREFUSED' }
[AggregateError: ] { code: 'ECONNREFUSED' }
[AggregateError: ] { code: 'ECONNREFUSED' }
[AggregateError: ] { code: 'ECONNREFUSED' }
[redis] connection error { message: '' }
[AggregateError: ] { code: 'ECONNREFUSED' }
[AggregateError: ] { code: 'ECONNREFUSED' }
[AggregateError: ] { code: 'ECONNREFUSED' }
[AggregateError: ] { code: 'ECONNREFUSED' }
[AggregateError: ] { code: 'ECONNREFUSED' }
[redis] connection error { message: '' }
[AggregateError: ] { code: 'ECONNREFUSED' }
[AggregateError: ] { code: 'ECONNREFUSED' }
[AggregateError: ] { code: 'ECONNREFUSED' }
[AggregateError: ] { code: 'ECONNREFUSED' }
[AggregateError: ] { code: 'ECONNREFUSED' }
[redis] connection error { message: '' }
[AggregateError: ] { code: 'ECONNREFUSED' }
[AggregateError: ] { code: 'ECONNREFUSED' }
[AggregateError: ] { code: 'ECONNREFUSED' }
[AggregateError: ] { code: 'ECONNREFUSED' }
[AggregateError: ] { code: 'ECONNREFUSED' }
[redis] connection error { message: '' }
[AggregateError: ] { code: 'ECONNREFUSED' }
[AggregateError: ] { code: 'ECONNREFUSED' }
[AggregateError: ] { code: 'ECONNREFUSED' }
[AggregateError: ] { code: 'ECONNREFUSED' }
[AggregateError: ] { code: 'ECONNREFUSED' }
[redis] connection error { message: '' }
[AggregateError: ] { code: 'ECONNREFUSED' }
[AggregateError: ] { code: 'ECONNREFUSED' }
[AggregateError: ] { code: 'ECONNREFUSED' }
[AggregateError: ] { code: 'ECONNREFUSED' }
[AggregateError: ] { code: 'ECONNREFUSED' }
[redis] connection error { message: '' }
[AggregateError: ] { code: 'ECONNREFUSED' }
[AggregateError: ] { code: 'ECONNREFUSED' }
[AggregateError: ] { code: 'ECONNREFUSED' }
[AggregateError: ] { code: 'ECONNREFUSED' }
[AggregateError: ] { code: 'ECONNREFUSED' }
[redis] connection error { message: '' }
[AggregateError: ] { code: 'ECONNREFUSED' }
[AggregateError: ] { code: 'ECONNREFUSED' }
[AggregateError: ] { code: 'ECONNREFUSED' }
[AggregateError: ] { code: 'ECONNREFUSED' }
[AggregateError: ] { code: 'ECONNREFUSED' }
[redis] connection error { message: '' }
[AggregateError: ] { code: 'ECONNREFUSED' }
[AggregateError: ] { code: 'ECONNREFUSED' }
[AggregateError: ] { code: 'ECONNREFUSED' }
[AggregateError: ] { code: 'ECONNREFUSED' }
[AggregateError: ] { code: 'ECONNREFUSED' }
[redis] connection error { message: '' }
[AggregateError: ] { code: 'ECONNREFUSED' }
[AggregateError: ] { code: 'ECONNREFUSED' }
[AggregateError: ] { code: 'ECONNREFUSED' }
[AggregateError: ] { code: 'ECONNREFUSED' }
[AggregateError: ] { code: 'ECONNREFUSED' }
[redis] connection error { message: '' }
[AggregateError: ] { code: 'ECONNREFUSED' }
[AggregateError: ] { code: 'ECONNREFUSED' }
[AggregateError: ] { code: 'ECONNREFUSED' }
[AggregateError: ] { code: 'ECONNREFUSED' }
[AggregateError: ] { code: 'ECONNREFUSED' }
[redis] connection error { message: '' }
[AggregateError: ] { code: 'ECONNREFUSED' }
[AggregateError: ] { code: 'ECONNREFUSED' }
[AggregateError: ] { code: 'ECONNREFUSED' }
[AggregateError: ] { code: 'ECONNREFUSED' }
[AggregateError: ] { code: 'ECONNREFUSED' }
[redis] connection error { message: '' }
[AggregateError: ] { code: 'ECONNREFUSED' }
[AggregateError: ] { code: 'ECONNREFUSED' }
[AggregateError: ] { code: 'ECONNREFUSED' }
[AggregateError: ] { code: 'ECONNREFUSED' }
[AggregateError: ] { code: 'ECONNREFUSED' }
[redis] connection error { message: '' }
[AggregateError: ] { code: 'ECONNREFUSED' }
[AggregateError: ] { code: 'ECONNREFUSED' }
[AggregateError: ] { code: 'ECONNREFUSED' }
[AggregateError: ] { code: 'ECONNREFUSED' }
[AggregateError: ] { code: 'ECONNREFUSED' }
[redis] connection error { message: '' }
[AggregateError: ] { code: 'ECONNREFUSED' }
[redis] connection error { message: '' }
[AggregateError: ] { code: 'ECONNREFUSED' }
[AggregateError: ] { code: 'ECONNREFUSED' }
[AggregateError: ] { code: 'ECONNREFUSED' }
[AggregateError: ] { code: 'ECONNREFUSED' }
[AggregateError: ] { code: 'ECONNREFUSED' }
[AggregateError: ] { code: 'ECONNREFUSED' }
[AggregateError: ] { code: 'ECONNREFUSED' }
[AggregateError: ] { code: 'ECONNREFUSED' }
[AggregateError: ] { code: 'ECONNREFUSED' }
[redis] connection error { message: '' }
[AggregateError: ] { code: 'ECONNREFUSED' }
[AggregateError: ] { code: 'ECONNREFUSED' }
[AggregateError: ] { code: 'ECONNREFUSED' }
[AggregateError: ] { code: 'ECONNREFUSED' }
[AggregateError: ] { code: 'ECONNREFUSED' }
[redis] connection error { message: '' }
[AggregateError: ] { code: 'ECONNREFUSED' }
[AggregateError: ] { code: 'ECONNREFUSED' }
[redis] connection error { message: '' }
[AggregateError: ] { code: 'ECONNREFUSED' }
[AggregateError: ] { code: 'ECONNREFUSED' }
[AggregateError: ] { code: 'ECONNREFUSED' }
[AggregateError: ] { code: 'ECONNREFUSED' }
[AggregateError: ] { code: 'ECONNREFUSED' }
[AggregateError: ] { code: 'ECONNREFUSED' }
[AggregateError: ] { code: 'ECONNREFUSED' }
[AggregateError: ] { code: 'ECONNREFUSED' }
[redis] connection error { message: '' }
[AggregateError: ] { code: 'ECONNREFUSED' }
[AggregateError: ] { code: 'ECONNREFUSED' }
[AggregateError: ] { code: 'ECONNREFUSED' }
[AggregateError: ] { code: 'ECONNREFUSED' }
[AggregateError: ] { code: 'ECONNREFUSED' }
Error: Connection is closed.
    at EventEmitter.i (C:\cheggie-studios\.next\server\chunks\3565.js:1:76041)
[redis] connection error { message: '' }
[AggregateError: ] { code: 'ECONNREFUSED' }
[AggregateError: ] { code: 'ECONNREFUSED' }
[AggregateError: ] { code: 'ECONNREFUSED' }
[AggregateError: ] { code: 'ECONNREFUSED' }
[AggregateError: ] { code: 'ECONNREFUSED' }
[redis] connection error { message: '' }
[AggregateError: ] { code: 'ECONNREFUSED' }
[AggregateError: ] { code: 'ECONNREFUSED' }
[AggregateError: ] { code: 'ECONNREFUSED' }
[AggregateError: ] { code: 'ECONNREFUSED' }
[AggregateError: ] { code: 'ECONNREFUSED' }
[redis] connection error { message: '' }
[AggregateError: ] { code: 'ECONNREFUSED' }
[AggregateError: ] { code: 'ECONNREFUSED' }
[AggregateError: ] { code: 'ECONNREFUSED' }
[AggregateError: ] { code: 'ECONNREFUSED' }
[AggregateError: ] { code: 'ECONNREFUSED' }
[redis] connection error { message: '' }
[AggregateError: ] { code: 'ECONNREFUSED' }
[AggregateError: ] { code: 'ECONNREFUSED' }
[AggregateError: ] { code: 'ECONNREFUSED' }
[AggregateError: ] { code: 'ECONNREFUSED' }
[AggregateError: ] { code: 'ECONNREFUSED' }
[redis] connection error { message: '' }
[AggregateError: ] { code: 'ECONNREFUSED' }
[AggregateError: ] { code: 'ECONNREFUSED' }
[AggregateError: ] { code: 'ECONNREFUSED' }
[AggregateError: ] { code: 'ECONNREFUSED' }
[AggregateError: ] { code: 'ECONNREFUSED' }
[redis] connection error { message: '' }
[AggregateError: ] { code: 'ECONNREFUSED' }
[AggregateError: ] { code: 'ECONNREFUSED' }
[AggregateError: ] { code: 'ECONNREFUSED' }
[AggregateError: ] { code: 'ECONNREFUSED' }
[AggregateError: ] { code: 'ECONNREFUSED' }
[redis] connection error { message: '' }
[AggregateError: ] { code: 'ECONNREFUSED' }
[AggregateError: ] { code: 'ECONNREFUSED' }
[AggregateError: ] { code: 'ECONNREFUSED' }
[AggregateError: ] { code: 'ECONNREFUSED' }
[AggregateError: ] { code: 'ECONNREFUSED' }
[redis] connection error { message: '' }
[AggregateError: ] { code: 'ECONNREFUSED' }
[AggregateError: ] { code: 'ECONNREFUSED' }
[AggregateError: ] { code: 'ECONNREFUSED' }
[AggregateError: ] { code: 'ECONNREFUSED' }
[AggregateError: ] { code: 'ECONNREFUSED' }
[redis] connection error { message: '' }
[AggregateError: ] { code: 'ECONNREFUSED' }
[AggregateError: ] { code: 'ECONNREFUSED' }
[AggregateError: ] { code: 'ECONNREFUSED' }
[AggregateError: ] { code: 'ECONNREFUSED' }
[AggregateError: ] { code: 'ECONNREFUSED' }
[redis] connection error { message: '' }
[AggregateError: ] { code: 'ECONNREFUSED' }
[AggregateError: ] { code: 'ECONNREFUSED' }
[AggregateError: ] { code: 'ECONNREFUSED' }
[AggregateError: ] { code: 'ECONNREFUSED' }
[AggregateError: ] { code: 'ECONNREFUSED' }
[redis] connection error { message: '' }
[AggregateError: ] { code: 'ECONNREFUSED' }
[AggregateError: ] { code: 'ECONNREFUSED' }
[AggregateError: ] { code: 'ECONNREFUSED' }
[AggregateError: ] { code: 'ECONNREFUSED' }
[AggregateError: ] { code: 'ECONNREFUSED' }
[redis] connection error { message: '' }
[AggregateError: ] { code: 'ECONNREFUSED' }
[AggregateError: ] { code: 'ECONNREFUSED' }
[AggregateError: ] { code: 'ECONNREFUSED' }
[AggregateError: ] { code: 'ECONNREFUSED' }
[AggregateError: ] { code: 'ECONNREFUSED' }
[redis] connection error { message: '' }
[AggregateError: ] { code: 'ECONNREFUSED' }
[AggregateError: ] { code: 'ECONNREFUSED' }
[AggregateError: ] { code: 'ECONNREFUSED' }
[AggregateError: ] { code: 'ECONNREFUSED' }
[AggregateError: ] { code: 'ECONNREFUSED' }
[redis] connection error { message: '' }
[AggregateError: ] { code: 'ECONNREFUSED' }
[AggregateError: ] { code: 'ECONNREFUSED' }
[AggregateError: ] { code: 'ECONNREFUSED' }
[AggregateError: ] { code: 'ECONNREFUSED' }
[AggregateError: ] { code: 'ECONNREFUSED' }
[redis] connection error { message: '' }
[AggregateError: ] { code: 'ECONNREFUSED' }
[AggregateError: ] { code: 'ECONNREFUSED' }
[AggregateError: ] { code: 'ECONNREFUSED' }
[AggregateError: ] { code: 'ECONNREFUSED' }
[AggregateError: ] { code: 'ECONNREFUSED' }
[redis] connection error { message: '' }
[AggregateError: ] { code: 'ECONNREFUSED' }
[AggregateError: ] { code: 'ECONNREFUSED' }
[AggregateError: ] { code: 'ECONNREFUSED' }
[AggregateError: ] { code: 'ECONNREFUSED' }
[AggregateError: ] { code: 'ECONNREFUSED' }
[redis] connection error { message: '' }
[AggregateError: ] { code: 'ECONNREFUSED' }
[AggregateError: ] { code: 'ECONNREFUSED' }
[AggregateError: ] { code: 'ECONNREFUSED' }
[AggregateError: ] { code: 'ECONNREFUSED' }
[AggregateError: ] { code: 'ECONNREFUSED' }
[redis] connection error { message: '' }
[AggregateError: ] { code: 'ECONNREFUSED' }
[AggregateError: ] { code: 'ECONNREFUSED' }
[AggregateError: ] { code: 'ECONNREFUSED' }
[AggregateError: ] { code: 'ECONNREFUSED' }
[AggregateError: ] { code: 'ECONNREFUSED' }
[redis] connection error { message: '' }
[AggregateError: ] { code: 'ECONNREFUSED' }
[AggregateError: ] { code: 'ECONNREFUSED' }
[AggregateError: ] { code: 'ECONNREFUSED' }
[AggregateError: ] { code: 'ECONNREFUSED' }
[AggregateError: ] { code: 'ECONNREFUSED' }
[redis] connection error { message: '' }
[AggregateError: ] { code: 'ECONNREFUSED' }
[AggregateError: ] { code: 'ECONNREFUSED' }
[AggregateError: ] { code: 'ECONNREFUSED' }
[AggregateError: ] { code: 'ECONNREFUSED' }
[AggregateError: ] { code: 'ECONNREFUSED' }
[redis] connection error { message: '' }
[AggregateError: ] { code: 'ECONNREFUSED' }
[AggregateError: ] { code: 'ECONNREFUSED' }
[AggregateError: ] { code: 'ECONNREFUSED' }
[AggregateError: ] { code: 'ECONNREFUSED' }
[AggregateError: ] { code: 'ECONNREFUSED' }
[redis] connection error { message: '' }
[AggregateError: ] { code: 'ECONNREFUSED' }
[AggregateError: ] { code: 'ECONNREFUSED' }
[AggregateError: ] { code: 'ECONNREFUSED' }
[AggregateError: ] { code: 'ECONNREFUSED' }
[AggregateError: ] { code: 'ECONNREFUSED' }
[redis] connection error { message: '' }
[AggregateError: ] { code: 'ECONNREFUSED' }
[AggregateError: ] { code: 'ECONNREFUSED' }
[AggregateError: ] { code: 'ECONNREFUSED' }
[AggregateError: ] { code: 'ECONNREFUSED' }
[AggregateError: ] { code: 'ECONNREFUSED' }
[redis] connection error { message: '' }
[AggregateError: ] { code: 'ECONNREFUSED' }
[AggregateError: ] { code: 'ECONNREFUSED' }
[AggregateError: ] { code: 'ECONNREFUSED' }
[AggregateError: ] { code: 'ECONNREFUSED' }
[AggregateError: ] { code: 'ECONNREFUSED' }
[redis] connection error { message: '' }
[AggregateError: ] { code: 'ECONNREFUSED' }
[AggregateError: ] { code: 'ECONNREFUSED' }
[AggregateError: ] { code: 'ECONNREFUSED' }
[AggregateError: ] { code: 'ECONNREFUSED' }
[AggregateError: ] { code: 'ECONNREFUSED' }
[redis] connection error { message: '' }
[AggregateError: ] { code: 'ECONNREFUSED' }
[AggregateError: ] { code: 'ECONNREFUSED' }
[AggregateError: ] { code: 'ECONNREFUSED' }
[AggregateError: ] { code: 'ECONNREFUSED' }
[AggregateError: ] { code: 'ECONNREFUSED' }
[redis] connection error { message: '' }
[AggregateError: ] { code: 'ECONNREFUSED' }
[AggregateError: ] { code: 'ECONNREFUSED' }
[AggregateError: ] { code: 'ECONNREFUSED' }
[AggregateError: ] { code: 'ECONNREFUSED' }
[AggregateError: ] { code: 'ECONNREFUSED' }
[redis] connection error { message: '' }
[AggregateError: ] { code: 'ECONNREFUSED' }
[AggregateError: ] { code: 'ECONNREFUSED' }
[AggregateError: ] { code: 'ECONNREFUSED' }
[AggregateError: ] { code: 'ECONNREFUSED' }
[AggregateError: ] { code: 'ECONNREFUSED' }
[redis] connection error { message: '' }
[AggregateError: ] { code: 'ECONNREFUSED' }
[AggregateError: ] { code: 'ECONNREFUSED' }
[AggregateError: ] { code: 'ECONNREFUSED' }
[AggregateError: ] { code: 'ECONNREFUSED' }
[AggregateError: ] { code: 'ECONNREFUSED' }
[redis] connection error { message: '' }
[AggregateError: ] { code: 'ECONNREFUSED' }
[AggregateError: ] { code: 'ECONNREFUSED' }
[AggregateError: ] { code: 'ECONNREFUSED' }
[AggregateError: ] { code: 'ECONNREFUSED' }
[AggregateError: ] { code: 'ECONNREFUSED' }
[redis] connection error { message: '' }
[AggregateError: ] { code: 'ECONNREFUSED' }
[AggregateError: ] { code: 'ECONNREFUSED' }
[AggregateError: ] { code: 'ECONNREFUSED' }
[AggregateError: ] { code: 'ECONNREFUSED' }
[AggregateError: ] { code: 'ECONNREFUSED' }
[redis] connection error { message: '' }
[AggregateError: ] { code: 'ECONNREFUSED' }
[AggregateError: ] { code: 'ECONNREFUSED' }
[AggregateError: ] { code: 'ECONNREFUSED' }
[redis] connection error { message: '' }
[AggregateError: ] { code: 'ECONNREFUSED' }
[AggregateError: ] { code: 'ECONNREFUSED' }
[AggregateError: ] { code: 'ECONNREFUSED' }
[AggregateError: ] { code: 'ECONNREFUSED' }
[AggregateError: ] { code: 'ECONNREFUSED' }
[redis] connection error { message: '' }
[AggregateError: ] { code: 'ECONNREFUSED' }
[AggregateError: ] { code: 'ECONNREFUSED' }
[AggregateError: ] { code: 'ECONNREFUSED' }
[AggregateError: ] { code: 'ECONNREFUSED' }
[AggregateError: ] { code: 'ECONNREFUSED' }
[redis] connection error { message: '' }
[AggregateError: ] { code: 'ECONNREFUSED' }
[AggregateError: ] { code: 'ECONNREFUSED' }
[AggregateError: ] { code: 'ECONNREFUSED' }
[AggregateError: ] { code: 'ECONNREFUSED' }
[AggregateError: ] { code: 'ECONNREFUSED' }
[redis] connection error { message: '' }
[AggregateError: ] { code: 'ECONNREFUSED' }
[AggregateError: ] { code: 'ECONNREFUSED' }
[AggregateError: ] { code: 'ECONNREFUSED' }
[AggregateError: ] { code: 'ECONNREFUSED' }
[AggregateError: ] { code: 'ECONNREFUSED' }
[redis] connection error { message: '' }
[AggregateError: ] { code: 'ECONNREFUSED' }
[AggregateError: ] { code: 'ECONNREFUSED' }
[AggregateError: ] { code: 'ECONNREFUSED' }
[AggregateError: ] { code: 'ECONNREFUSED' }
[AggregateError: ] { code: 'ECONNREFUSED' }
[redis] connection error { message: '' }
[AggregateError: ] { code: 'ECONNREFUSED' }
[AggregateError: ] { code: 'ECONNREFUSED' }
[AggregateError: ] { code: 'ECONNREFUSED' }
[AggregateError: ] { code: 'ECONNREFUSED' }
[AggregateError: ] { code: 'ECONNREFUSED' }
[redis] connection error { message: '' }
[AggregateError: ] { code: 'ECONNREFUSED' }
[AggregateError: ] { code: 'ECONNREFUSED' }
[AggregateError: ] { code: 'ECONNREFUSED' }
[AggregateError: ] { code: 'ECONNREFUSED' }
[AggregateError: ] { code: 'ECONNREFUSED' }
[redis] connection error { message: '' }
[AggregateError: ] { code: 'ECONNREFUSED' }
[AggregateError: ] { code: 'ECONNREFUSED' }
[AggregateError: ] { code: 'ECONNREFUSED' }
[AggregateError: ] { code: 'ECONNREFUSED' }
[AggregateError: ] { code: 'ECONNREFUSED' }
[redis] connection error { message: '' }
[AggregateError: ] { code: 'ECONNREFUSED' }
[AggregateError: ] { code: 'ECONNREFUSED' }
[AggregateError: ] { code: 'ECONNREFUSED' }
[AggregateError: ] { code: 'ECONNREFUSED' }
[AggregateError: ] { code: 'ECONNREFUSED' }
[redis] connection error { message: '' }
[AggregateError: ] { code: 'ECONNREFUSED' }
[AggregateError: ] { code: 'ECONNREFUSED' }
[AggregateError: ] { code: 'ECONNREFUSED' }
[AggregateError: ] { code: 'ECONNREFUSED' }
[AggregateError: ] { code: 'ECONNREFUSED' }
[redis] connection error { message: '' }
[AggregateError: ] { code: 'ECONNREFUSED' }
[AggregateError: ] { code: 'ECONNREFUSED' }
[AggregateError: ] { code: 'ECONNREFUSED' }
[AggregateError: ] { code: 'ECONNREFUSED' }
[AggregateError: ] { code: 'ECONNREFUSED' }
[redis] connection error { message: '' }
[AggregateError: ] { code: 'ECONNREFUSED' }
[AggregateError: ] { code: 'ECONNREFUSED' }
[AggregateError: ] { code: 'ECONNREFUSED' }
[AggregateError: ] { code: 'ECONNREFUSED' }
[AggregateError: ] { code: 'ECONNREFUSED' }
[redis] connection error { message: '' }
[AggregateError: ] { code: 'ECONNREFUSED' }
[AggregateError: ] { code: 'ECONNREFUSED' }
[AggregateError: ] { code: 'ECONNREFUSED' }
[AggregateError: ] { code: 'ECONNREFUSED' }
[AggregateError: ] { code: 'ECONNREFUSED' }
[redis] connection error { message: '' }
[AggregateError: ] { code: 'ECONNREFUSED' }
[AggregateError: ] { code: 'ECONNREFUSED' }
[AggregateError: ] { code: 'ECONNREFUSED' }
[AggregateError: ] { code: 'ECONNREFUSED' }
[AggregateError: ] { code: 'ECONNREFUSED' }
[redis] connection error { message: '' }
[AggregateError: ] { code: 'ECONNREFUSED' }
[AggregateError: ] { code: 'ECONNREFUSED' }
[AggregateError: ] { code: 'ECONNREFUSED' }
[AggregateError: ] { code: 'ECONNREFUSED' }
[AggregateError: ] { code: 'ECONNREFUSED' }
[redis] connection error { message: '' }
[AggregateError: ] { code: 'ECONNREFUSED' }
[AggregateError: ] { code: 'ECONNREFUSED' }
[AggregateError: ] { code: 'ECONNREFUSED' }
[AggregateError: ] { code: 'ECONNREFUSED' }
[AggregateError: ] { code: 'ECONNREFUSED' }
[redis] connection error { message: '' }
[AggregateError: ] { code: 'ECONNREFUSED' }
[AggregateError: ] { code: 'ECONNREFUSED' }
[AggregateError: ] { code: 'ECONNREFUSED' }
[AggregateError: ] { code: 'ECONNREFUSED' }
[AggregateError: ] { code: 'ECONNREFUSED' }
[redis] connection error { message: '' }
[AggregateError: ] { code: 'ECONNREFUSED' }
[AggregateError: ] { code: 'ECONNREFUSED' }
[AggregateError: ] { code: 'ECONNREFUSED' }
[AggregateError: ] { code: 'ECONNREFUSED' }
[AggregateError: ] { code: 'ECONNREFUSED' }
[redis] connection error { message: '' }
[AggregateError: ] { code: 'ECONNREFUSED' }
[AggregateError: ] { code: 'ECONNREFUSED' }
[AggregateError: ] { code: 'ECONNREFUSED' }
[AggregateError: ] { code: 'ECONNREFUSED' }
[AggregateError: ] { code: 'ECONNREFUSED' }
[redis] connection error { message: '' }
[AggregateError: ] { code: 'ECONNREFUSED' }
[AggregateError: ] { code: 'ECONNREFUSED' }
[AggregateError: ] { code: 'ECONNREFUSED' }
[AggregateError: ] { code: 'ECONNREFUSED' }
[AggregateError: ] { code: 'ECONNREFUSED' }
[redis] connection error { message: '' }
[AggregateError: ] { code: 'ECONNREFUSED' }
[AggregateError: ] { code: 'ECONNREFUSED' }
[AggregateError: ] { code: 'ECONNREFUSED' }
[AggregateError: ] { code: 'ECONNREFUSED' }
[AggregateError: ] { code: 'ECONNREFUSED' }
[redis] connection error { message: '' }
[AggregateError: ] { code: 'ECONNREFUSED' }
[AggregateError: ] { code: 'ECONNREFUSED' }
[AggregateError: ] { code: 'ECONNREFUSED' }
[AggregateError: ] { code: 'ECONNREFUSED' }
[AggregateError: ] { code: 'ECONNREFUSED' }
[redis] connection error { message: '' }
[AggregateError: ] { code: 'ECONNREFUSED' }
[AggregateError: ] { code: 'ECONNREFUSED' }
[AggregateError: ] { code: 'ECONNREFUSED' }
[AggregateError: ] { code: 'ECONNREFUSED' }
[AggregateError: ] { code: 'ECONNREFUSED' }
[redis] connection error { message: '' }
[AggregateError: ] { code: 'ECONNREFUSED' }
[AggregateError: ] { code: 'ECONNREFUSED' }
[AggregateError: ] { code: 'ECONNREFUSED' }
[AggregateError: ] { code: 'ECONNREFUSED' }
[AggregateError: ] { code: 'ECONNREFUSED' }
[redis] connection error { message: '' }
[AggregateError: ] { code: 'ECONNREFUSED' }
[AggregateError: ] { code: 'ECONNREFUSED' }
[AggregateError: ] { code: 'ECONNREFUSED' }
[AggregateError: ] { code: 'ECONNREFUSED' }
[AggregateError: ] { code: 'ECONNREFUSED' }
[redis] connection error { message: '' }
[AggregateError: ] { code: 'ECONNREFUSED' }
[AggregateError: ] { code: 'ECONNREFUSED' }
[AggregateError: ] { code: 'ECONNREFUSED' }
[AggregateError: ] { code: 'ECONNREFUSED' }
[AggregateError: ] { code: 'ECONNREFUSED' }
[redis] connection error { message: '' }
[AggregateError: ] { code: 'ECONNREFUSED' }
[AggregateError: ] { code: 'ECONNREFUSED' }
[AggregateError: ] { code: 'ECONNREFUSED' }
[AggregateError: ] { code: 'ECONNREFUSED' }
[AggregateError: ] { code: 'ECONNREFUSED' }
[redis] connection error { message: '' }
[AggregateError: ] { code: 'ECONNREFUSED' }
[AggregateError: ] { code: 'ECONNREFUSED' }
[AggregateError: ] { code: 'ECONNREFUSED' }
[AggregateError: ] { code: 'ECONNREFUSED' }
[AggregateError: ] { code: 'ECONNREFUSED' }
[redis] connection error { message: '' }
[AggregateError: ] { code: 'ECONNREFUSED' }
[AggregateError: ] { code: 'ECONNREFUSED' }
[AggregateError: ] { code: 'ECONNREFUSED' }
[AggregateError: ] { code: 'ECONNREFUSED' }
[AggregateError: ] { code: 'ECONNREFUSED' }
[redis] connection error { message: '' }
[AggregateError: ] { code: 'ECONNREFUSED' }
[AggregateError: ] { code: 'ECONNREFUSED' }
[AggregateError: ] { code: 'ECONNREFUSED' }
[AggregateError: ] { code: 'ECONNREFUSED' }
[AggregateError: ] { code: 'ECONNREFUSED' }
[redis] connection error { message: '' }
[AggregateError: ] { code: 'ECONNREFUSED' }
[AggregateError: ] { code: 'ECONNREFUSED' }
[AggregateError: ] { code: 'ECONNREFUSED' }
[AggregateError: ] { code: 'ECONNREFUSED' }
[AggregateError: ] { code: 'ECONNREFUSED' }
[redis] connection error { message: '' }
[AggregateError: ] { code: 'ECONNREFUSED' }
[AggregateError: ] { code: 'ECONNREFUSED' }
[AggregateError: ] { code: 'ECONNREFUSED' }
[AggregateError: ] { code: 'ECONNREFUSED' }
[AggregateError: ] { code: 'ECONNREFUSED' }
[redis] connection error { message: '' }
[AggregateError: ] { code: 'ECONNREFUSED' }
[AggregateError: ] { code: 'ECONNREFUSED' }
[AggregateError: ] { code: 'ECONNREFUSED' }
[AggregateError: ] { code: 'ECONNREFUSED' }
[AggregateError: ] { code: 'ECONNREFUSED' }
[redis] connection error { message: '' }
[AggregateError: ] { code: 'ECONNREFUSED' }
[AggregateError: ] { code: 'ECONNREFUSED' }
[AggregateError: ] { code: 'ECONNREFUSED' }
[AggregateError: ] { code: 'ECONNREFUSED' }
[AggregateError: ] { code: 'ECONNREFUSED' }
[redis] connection error { message: '' }
[AggregateError: ] { code: 'ECONNREFUSED' }
[AggregateError: ] { code: 'ECONNREFUSED' }
[AggregateError: ] { code: 'ECONNREFUSED' }
[AggregateError: ] { code: 'ECONNREFUSED' }
[AggregateError: ] { code: 'ECONNREFUSED' }
[redis] connection error { message: '' }
[AggregateError: ] { code: 'ECONNREFUSED' }
[AggregateError: ] { code: 'ECONNREFUSED' }
[AggregateError: ] { code: 'ECONNREFUSED' }
[AggregateError: ] { code: 'ECONNREFUSED' }
[AggregateError: ] { code: 'ECONNREFUSED' }
[AggregateError: ] { code: 'ECONNREFUSED' }
[AggregateError: ] { code: 'ECONNREFUSED' }
[redis] connection error { message: '' }
[AggregateError: ] { code: 'ECONNREFUSED' }
[AggregateError: ] { code: 'ECONNREFUSED' }
[AggregateError: ] { code: 'ECONNREFUSED' }
[AggregateError: ] { code: 'ECONNREFUSED' }
[AggregateError: ] { code: 'ECONNREFUSED' }
[redis] connection error { message: '' }
[AggregateError: ] { code: 'ECONNREFUSED' }
[AggregateError: ] { code: 'ECONNREFUSED' }
[AggregateError: ] { code: 'ECONNREFUSED' }
[AggregateError: ] { code: 'ECONNREFUSED' }
[AggregateError: ] { code: 'ECONNREFUSED' }
[redis] connection error { message: '' }
[AggregateError: ] { code: 'ECONNREFUSED' }
[AggregateError: ] { code: 'ECONNREFUSED' }
[AggregateError: ] { code: 'ECONNREFUSED' }
[AggregateError: ] { code: 'ECONNREFUSED' }
[AggregateError: ] { code: 'ECONNREFUSED' }
[redis] connection error { message: '' }
[AggregateError: ] { code: 'ECONNREFUSED' }
[AggregateError: ] { code: 'ECONNREFUSED' }
[AggregateError: ] { code: 'ECONNREFUSED' }
[AggregateError: ] { code: 'ECONNREFUSED' }
[AggregateError: ] { code: 'ECONNREFUSED' }
[redis] connection error { message: '' }
[AggregateError: ] { code: 'ECONNREFUSED' }
[AggregateError: ] { code: 'ECONNREFUSED' }
[AggregateError: ] { code: 'ECONNREFUSED' }
[AggregateError: ] { code: 'ECONNREFUSED' }
[AggregateError: ] { code: 'ECONNREFUSED' }
[redis] connection error { message: '' }
[AggregateError: ] { code: 'ECONNREFUSED' }
[AggregateError: ] { code: 'ECONNREFUSED' }
[AggregateError: ] { code: 'ECONNREFUSED' }
[AggregateError: ] { code: 'ECONNREFUSED' }
[AggregateError: ] { code: 'ECONNREFUSED' }
[redis] connection error { message: '' }
[AggregateError: ] { code: 'ECONNREFUSED' }
[AggregateError: ] { code: 'ECONNREFUSED' }
[AggregateError: ] { code: 'ECONNREFUSED' }
[AggregateError: ] { code: 'ECONNREFUSED' }
[AggregateError: ] { code: 'ECONNREFUSED' }
[redis] connection error { message: '' }
[AggregateError: ] { code: 'ECONNREFUSED' }
[AggregateError: ] { code: 'ECONNREFUSED' }
[AggregateError: ] { code: 'ECONNREFUSED' }
[AggregateError: ] { code: 'ECONNREFUSED' }
[AggregateError: ] { code: 'ECONNREFUSED' }
[redis] connection error { message: '' }
[AggregateError: ] { code: 'ECONNREFUSED' }
[AggregateError: ] { code: 'ECONNREFUSED' }
[AggregateError: ] { code: 'ECONNREFUSED' }
[AggregateError: ] { code: 'ECONNREFUSED' }
[AggregateError: ] { code: 'ECONNREFUSED' }
[redis] connection error { message: '' }
[AggregateError: ] { code: 'ECONNREFUSED' }
[AggregateError: ] { code: 'ECONNREFUSED' }
[AggregateError: ] { code: 'ECONNREFUSED' }
[AggregateError: ] { code: 'ECONNREFUSED' }
[AggregateError: ] { code: 'ECONNREFUSED' }
[redis] connection error { message: '' }
[AggregateError: ] { code: 'ECONNREFUSED' }
[AggregateError: ] { code: 'ECONNREFUSED' }
[AggregateError: ] { code: 'ECONNREFUSED' }
[AggregateError: ] { code: 'ECONNREFUSED' }
[AggregateError: ] { code: 'ECONNREFUSED' }
[redis] connection error { message: '' }
[AggregateError: ] { code: 'ECONNREFUSED' }
[AggregateError: ] { code: 'ECONNREFUSED' }
[AggregateError: ] { code: 'ECONNREFUSED' }
[AggregateError: ] { code: 'ECONNREFUSED' }
[AggregateError: ] { code: 'ECONNREFUSED' }
[redis] connection error { message: '' }
[AggregateError: ] { code: 'ECONNREFUSED' }
[AggregateError: ] { code: 'ECONNREFUSED' }
[AggregateError: ] { code: 'ECONNREFUSED' }
[AggregateError: ] { code: 'ECONNREFUSED' }
[AggregateError: ] { code: 'ECONNREFUSED' }
[redis] connection error { message: '' }
[AggregateError: ] { code: 'ECONNREFUSED' }
[AggregateError: ] { code: 'ECONNREFUSED' }
[AggregateError: ] { code: 'ECONNREFUSED' }
[AggregateError: ] { code: 'ECONNREFUSED' }
[AggregateError: ] { code: 'ECONNREFUSED' }
[redis] connection error { message: '' }
[AggregateError: ] { code: 'ECONNREFUSED' }
[AggregateError: ] { code: 'ECONNREFUSED' }
[AggregateError: ] { code: 'ECONNREFUSED' }
[AggregateError: ] { code: 'ECONNREFUSED' }
[AggregateError: ] { code: 'ECONNREFUSED' }
[redis] connection error { message: '' }
[AggregateError: ] { code: 'ECONNREFUSED' }
[AggregateError: ] { code: 'ECONNREFUSED' }
[AggregateError: ] { code: 'ECONNREFUSED' }
[AggregateError: ] { code: 'ECONNREFUSED' }
[AggregateError: ] { code: 'ECONNREFUSED' }
[redis] connection error { message: '' }
[AggregateError: ] { code: 'ECONNREFUSED' }
[AggregateError: ] { code: 'ECONNREFUSED' }
[AggregateError: ] { code: 'ECONNREFUSED' }
[AggregateError: ] { code: 'ECONNREFUSED' }
[AggregateError: ] { code: 'ECONNREFUSED' }
[redis] connection error { message: '' }
[AggregateError: ] { code: 'ECONNREFUSED' }
[AggregateError: ] { code: 'ECONNREFUSED' }
[AggregateError: ] { code: 'ECONNREFUSED' }
[AggregateError: ] { code: 'ECONNREFUSED' }
[AggregateError: ] { code: 'ECONNREFUSED' }
[redis] connection error { message: '' }
[AggregateError: ] { code: 'ECONNREFUSED' }
[AggregateError: ] { code: 'ECONNREFUSED' }
[AggregateError: ] { code: 'ECONNREFUSED' }
[AggregateError: ] { code: 'ECONNREFUSED' }
[AggregateError: ] { code: 'ECONNREFUSED' }
[redis] connection error { message: '' }
[AggregateError: ] { code: 'ECONNREFUSED' }
[AggregateError: ] { code: 'ECONNREFUSED' }
[AggregateError: ] { code: 'ECONNREFUSED' }
[AggregateError: ] { code: 'ECONNREFUSED' }
[AggregateError: ] { code: 'ECONNREFUSED' }
[redis] connection error { message: '' }
[AggregateError: ] { code: 'ECONNREFUSED' }
[AggregateError: ] { code: 'ECONNREFUSED' }
[AggregateError: ] { code: 'ECONNREFUSED' }
[AggregateError: ] { code: 'ECONNREFUSED' }
[AggregateError: ] { code: 'ECONNREFUSED' }
[redis] connection error { message: '' }
[AggregateError: ] { code: 'ECONNREFUSED' }
[AggregateError: ] { code: 'ECONNREFUSED' }
[AggregateError: ] { code: 'ECONNREFUSED' }
[AggregateError: ] { code: 'ECONNREFUSED' }
[AggregateError: ] { code: 'ECONNREFUSED' }
[redis] connection error { message: '' }
[AggregateError: ] { code: 'ECONNREFUSED' }
[AggregateError: ] { code: 'ECONNREFUSED' }
[AggregateError: ] { code: 'ECONNREFUSED' }
[AggregateError: ] { code: 'ECONNREFUSED' }
[AggregateError: ] { code: 'ECONNREFUSED' }
[redis] connection error { message: '' }
[AggregateError: ] { code: 'ECONNREFUSED' }
[AggregateError: ] { code: 'ECONNREFUSED' }
[AggregateError: ] { code: 'ECONNREFUSED' }
[AggregateError: ] { code: 'ECONNREFUSED' }
[AggregateError: ] { code: 'ECONNREFUSED' }
[redis] connection error { message: '' }
[AggregateError: ] { code: 'ECONNREFUSED' }
[AggregateError: ] { code: 'ECONNREFUSED' }
[AggregateError: ] { code: 'ECONNREFUSED' }
[AggregateError: ] { code: 'ECONNREFUSED' }
[AggregateError: ] { code: 'ECONNREFUSED' }
[redis] connection error { message: '' }
[AggregateError: ] { code: 'ECONNREFUSED' }
[AggregateError: ] { code: 'ECONNREFUSED' }
[AggregateError: ] { code: 'ECONNREFUSED' }
[AggregateError: ] { code: 'ECONNREFUSED' }
[AggregateError: ] { code: 'ECONNREFUSED' }
[redis] connection error { message: '' }
[AggregateError: ] { code: 'ECONNREFUSED' }
[AggregateError: ] { code: 'ECONNREFUSED' }
[AggregateError: ] { code: 'ECONNREFUSED' }
[AggregateError: ] { code: 'ECONNREFUSED' }
[AggregateError: ] { code: 'ECONNREFUSED' }
[redis] connection error { message: '' }
[AggregateError: ] { code: 'ECONNREFUSED' }
[AggregateError: ] { code: 'ECONNREFUSED' }
[AggregateError: ] { code: 'ECONNREFUSED' }
[AggregateError: ] { code: 'ECONNREFUSED' }
[AggregateError: ] { code: 'ECONNREFUSED' }
[redis] connection error { message: '' }
[AggregateError: ] { code: 'ECONNREFUSED' }
[AggregateError: ] { code: 'ECONNREFUSED' }
[AggregateError: ] { code: 'ECONNREFUSED' }
[AggregateError: ] { code: 'ECONNREFUSED' }
[AggregateError: ] { code: 'ECONNREFUSED' }
[redis] connection error { message: '' }
[AggregateError: ] { code: 'ECONNREFUSED' }
[AggregateError: ] { code: 'ECONNREFUSED' }
[AggregateError: ] { code: 'ECONNREFUSED' }
[AggregateError: ] { code: 'ECONNREFUSED' }
[AggregateError: ] { code: 'ECONNREFUSED' }
[redis] connection error { message: '' }
[AggregateError: ] { code: 'ECONNREFUSED' }
[AggregateError: ] { code: 'ECONNREFUSED' }
[AggregateError: ] { code: 'ECONNREFUSED' }
[AggregateError: ] { code: 'ECONNREFUSED' }
[AggregateError: ] { code: 'ECONNREFUSED' }
[redis] connection error { message: '' }
[AggregateError: ] { code: 'ECONNREFUSED' }
[AggregateError: ] { code: 'ECONNREFUSED' }
[AggregateError: ] { code: 'ECONNREFUSED' }
[AggregateError: ] { code: 'ECONNREFUSED' }
[AggregateError: ] { code: 'ECONNREFUSED' }
[redis] connection error { message: '' }
[AggregateError: ] { code: 'ECONNREFUSED' }
[AggregateError: ] { code: 'ECONNREFUSED' }
[AggregateError: ] { code: 'ECONNREFUSED' }
[AggregateError: ] { code: 'ECONNREFUSED' }
[AggregateError: ] { code: 'ECONNREFUSED' }
[redis] connection error { message: '' }
[AggregateError: ] { code: 'ECONNREFUSED' }
[AggregateError: ] { code: 'ECONNREFUSED' }
[AggregateError: ] { code: 'ECONNREFUSED' }
[AggregateError: ] { code: 'ECONNREFUSED' }
[AggregateError: ] { code: 'ECONNREFUSED' }
[redis] connection error { message: '' }
[AggregateError: ] { code: 'ECONNREFUSED' }
[AggregateError: ] { code: 'ECONNREFUSED' }
[AggregateError: ] { code: 'ECONNREFUSED' }
[AggregateError: ] { code: 'ECONNREFUSED' }
[AggregateError: ] { code: 'ECONNREFUSED' }
[redis] connection error { message: '' }
[AggregateError: ] { code: 'ECONNREFUSED' }
[AggregateError: ] { code: 'ECONNREFUSED' }
[AggregateError: ] { code: 'ECONNREFUSED' }
[AggregateError: ] { code: 'ECONNREFUSED' }
[AggregateError: ] { code: 'ECONNREFUSED' }
[redis] connection error { message: '' }
[AggregateError: ] { code: 'ECONNREFUSED' }
[AggregateError: ] { code: 'ECONNREFUSED' }
[AggregateError: ] { code: 'ECONNREFUSED' }
[AggregateError: ] { code: 'ECONNREFUSED' }
[AggregateError: ] { code: 'ECONNREFUSED' }
[redis] connection error { message: '' }
[AggregateError: ] { code: 'ECONNREFUSED' }
[AggregateError: ] { code: 'ECONNREFUSED' }
[AggregateError: ] { code: 'ECONNREFUSED' }
[AggregateError: ] { code: 'ECONNREFUSED' }
[AggregateError: ] { code: 'ECONNREFUSED' }
[redis] connection error { message: '' }
[AggregateError: ] { code: 'ECONNREFUSED' }
[AggregateError: ] { code: 'ECONNREFUSED' }
[AggregateError: ] { code: 'ECONNREFUSED' }
[AggregateError: ] { code: 'ECONNREFUSED' }
[AggregateError: ] { code: 'ECONNREFUSED' }
[redis] connection error { message: '' }
[AggregateError: ] { code: 'ECONNREFUSED' }
[AggregateError: ] { code: 'ECONNREFUSED' }
[AggregateError: ] { code: 'ECONNREFUSED' }
[AggregateError: ] { code: 'ECONNREFUSED' }
[AggregateError: ] { code: 'ECONNREFUSED' }
   Generating static pages (0/12) ...
[redis] connection error { message: '' }
[AggregateError: ] { code: 'ECONNREFUSED' }
[AggregateError: ] { code: 'ECONNREFUSED' }
[AggregateError: ] { code: 'ECONNREFUSED' }
[AggregateError: ] { code: 'ECONNREFUSED' }
[AggregateError: ] { code: 'ECONNREFUSED' }
[redis] connection error { message: '' }
[AggregateError: ] { code: 'ECONNREFUSED' }
[AggregateError: ] { code: 'ECONNREFUSED' }
[AggregateError: ] { code: 'ECONNREFUSED' }
[AggregateError: ] { code: 'ECONNREFUSED' }
[AggregateError: ] { code: 'ECONNREFUSED' }
[redis] connection error { message: '' }
[AggregateError: ] { code: 'ECONNREFUSED' }
[AggregateError: ] { code: 'ECONNREFUSED' }
[AggregateError: ] { code: 'ECONNREFUSED' }
[AggregateError: ] { code: 'ECONNREFUSED' }
[AggregateError: ] { code: 'ECONNREFUSED' }
[redis] connection error { message: '' }
[AggregateError: ] { code: 'ECONNREFUSED' }
[AggregateError: ] { code: 'ECONNREFUSED' }
[AggregateError: ] { code: 'ECONNREFUSED' }
[AggregateError: ] { code: 'ECONNREFUSED' }
[AggregateError: ] { code: 'ECONNREFUSED' }
[redis] connection error { message: '' }
[AggregateError: ] { code: 'ECONNREFUSED' }
[AggregateError: ] { code: 'ECONNREFUSED' }
[AggregateError: ] { code: 'ECONNREFUSED' }
[AggregateError: ] { code: 'ECONNREFUSED' }
[AggregateError: ] { code: 'ECONNREFUSED' }
[redis] connection error { message: '' }
[AggregateError: ] { code: 'ECONNREFUSED' }
[AggregateError: ] { code: 'ECONNREFUSED' }
[AggregateError: ] { code: 'ECONNREFUSED' }
[AggregateError: ] { code: 'ECONNREFUSED' }
[AggregateError: ] { code: 'ECONNREFUSED' }
[redis] connection error { message: '' }
[AggregateError: ] { code: 'ECONNREFUSED' }
[AggregateError: ] { code: 'ECONNREFUSED' }
[AggregateError: ] { code: 'ECONNREFUSED' }
[AggregateError: ] { code: 'ECONNREFUSED' }
[AggregateError: ] { code: 'ECONNREFUSED' }
[redis] connection error { message: '' }
[AggregateError: ] { code: 'ECONNREFUSED' }
[AggregateError: ] { code: 'ECONNREFUSED' }
[AggregateError: ] { code: 'ECONNREFUSED' }
[AggregateError: ] { code: 'ECONNREFUSED' }
[AggregateError: ] { code: 'ECONNREFUSED' }
[redis] connection error { message: '' }
[AggregateError: ] { code: 'ECONNREFUSED' }
[AggregateError: ] { code: 'ECONNREFUSED' }
[AggregateError: ] { code: 'ECONNREFUSED' }
[AggregateError: ] { code: 'ECONNREFUSED' }
[AggregateError: ] { code: 'ECONNREFUSED' }
[redis] connection error { message: '' }
[AggregateError: ] { code: 'ECONNREFUSED' }
[AggregateError: ] { code: 'ECONNREFUSED' }
[AggregateError: ] { code: 'ECONNREFUSED' }
[AggregateError: ] { code: 'ECONNREFUSED' }
[AggregateError: ] { code: 'ECONNREFUSED' }
[redis] connection error { message: '' }
[AggregateError: ] { code: 'ECONNREFUSED' }
[AggregateError: ] { code: 'ECONNREFUSED' }
[AggregateError: ] { code: 'ECONNREFUSED' }
[AggregateError: ] { code: 'ECONNREFUSED' }
[AggregateError: ] { code: 'ECONNREFUSED' }
   Generating static pages (3/12) 
 Γ¿» useSearchParams() should be wrapped in a suspense boundary at page 
"/auth/login". Read more: 
https://nextjs.org/docs/messages/missing-suspense-with-csr-bailout
    at g (C:\cheggie-studios\.next\server\chunks\8751.js:6:100864)
    at m (C:\cheggie-studios\.next\server\chunks\8751.js:6:73145)
    at t (C:\cheggie-studios\.next\server\app\auth\login\page.js:1:1093)
    at n3 (C:\cheggie-studios\node_modules\.pnpm\next@15.5.14_@babel+core@7._a5
f5006bc280d60ae3b6ce5516666801\node_modules\next\dist\compiled\next-server\app-
page.runtime.prod.js:2:82831)
    at n6 (C:\cheggie-studios\node_modules\.pnpm\next@15.5.14_@babel+core@7._a5
f5006bc280d60ae3b6ce5516666801\node_modules\next\dist\compiled\next-server\app-
page.runtime.prod.js:2:84601)
    at n5 (C:\cheggie-studios\node_modules\.pnpm\next@15.5.14_@babel+core@7._a5
f5006bc280d60ae3b6ce5516666801\node_modules\next\dist\compiled\next-server\app-
page.runtime.prod.js:2:104801)
    at n7 (C:\cheggie-studios\node_modules\.pnpm\next@15.5.14_@babel+core@7._a5
f5006bc280d60ae3b6ce5516666801\node_modules\next\dist\compiled\next-server\app-
page.runtime.prod.js:2:102219)
    at n8 (C:\cheggie-studios\node_modules\.pnpm\next@15.5.14_@babel+core@7._a5
f5006bc280d60ae3b6ce5516666801\node_modules\next\dist\compiled\next-server\app-
page.runtime.prod.js:2:83183)
    at n6 (C:\cheggie-studios\node_modules\.pnpm\next@15.5.14_@babel+core@7._a5
f5006bc280d60ae3b6ce5516666801\node_modules\next\dist\compiled\next-server\app-
page.runtime.prod.js:2:84647)
    at n6 (C:\cheggie-studios\node_modules\.pnpm\next@15.5.14_@babel+core@7._a5
f5006bc280d60ae3b6ce5516666801\node_modules\next\dist\compiled\next-server\app-
page.runtime.prod.js:2:101560)
Error occurred prerendering page "/auth/login". Read more: 
https://nextjs.org/docs/messages/prerender-error
Export encountered an error on /auth/login/page: /auth/login, exiting the 
build.
[redis] connection error { message: '' }
[AggregateError: ] { code: 'ECONNREFUSED' }
[AggregateError: ] { code: 'ECONNREFUSED' }
[AggregateError: ] { code: 'ECONNREFUSED' }
[AggregateError: ] { code: 'ECONNREFUSED' }
[AggregateError: ] { code: 'ECONNREFUSED' }
 Γ¿» Next.js build worker exited with code: 1 and signal: null
ΓÇëELIFECYCLEΓÇë Command failed with exit code 1.
